#
# There is insufficient memory for the Java Runtime Environment to continue.
# Native memory allocation (mmap) failed to map 262144000 bytes for G1 virtual space
# Possible reasons:
#   The system is out of physical RAM or swap space
#   The process is running with CompressedOops enabled, and the Java Heap may be blocking the growth of the native heap
# Possible solutions:
#   Reduce memory load on the system
#   Increase physical memory or swap space
#   Check if swap backing store is full
#   Decrease Java heap size (-Xmx/-Xms)
#   Decrease number of Java threads
#   Decrease Java thread stack sizes (-Xss)
#   Set larger code cache with -XX:ReservedCodeCacheSize=
#   JVM is running with Zero Based Compressed Oops mode in which the Java heap is
#     placed in the first 32GB address space. The Java Heap base address is the
#     maximum limit for the native heap growth. Please use -XX:HeapBaseMinAddress
#     to set the Java Heap base and to place the Java Heap above 32GB virtual address.
# This output file may be truncated or incomplete.
#
#  Out of Memory Error (os_windows.cpp:3551), pid=19340, tid=14056
#
# JRE version:  (17.0.17+8) (build )
# Java VM: Java HotSpot(TM) 64-Bit Server VM (17.0.17+8-LTS-360, mixed mode, sharing, tiered, compressed oops, compressed class ptrs, g1 gc, windows-amd64)
# No core dump will be written. Minidumps are not enabled by default on client versions of Windows
#

---------------  S U M M A R Y ------------

Command Line: -Dfile.encoding=UTF-8 -Dstdout.encoding=UTF-8 -Dstderr.encoding=UTF-8 -XX:+ShowCodeDetailsInExceptionMessages com.springboot.Application

Host: 12th Gen Intel(R) Core(TM) i5-1235U, 12 cores, 15G,  Windows 11 , 64 bit Build 22621 (10.0.22621.5415)
Time: Tue Jan 27 15:56:01 2026 India Standard Time elapsed time: 0.046222 seconds (0d 0h 0m 0s)

---------------  T H R E A D  ---------------

Current thread (0x0000028050d5d8d0):  JavaThread "Unknown thread" [_thread_in_vm, id=14056, stack(0x000000d3f3a00000,0x000000d3f3b00000)]

Stack: [0x000000d3f3a00000,0x000000d3f3b00000]
Native frames: (J=compiled Java code, j=interpreted, Vv=VM code, C=native code)
V  [jvm.dll+0x67a0ea]
V  [jvm.dll+0x7da56d]
V  [jvm.dll+0x7dbeb3]
V  [jvm.dll+0x7dc523]
V  [jvm.dll+0x2453af]
V  [jvm.dll+0x677119]
V  [jvm.dll+0x66bda2]
V  [jvm.dll+0x3022a6]
V  [jvm.dll+0x309846]
V  [jvm.dll+0x35a25e]
V  [jvm.dll+0x35a48f]
V  [jvm.dll+0x2d9378]
V  [jvm.dll+0x2da2e4]
V  [jvm.dll+0x7acd41]
V  [jvm.dll+0x367ac1]
V  [jvm.dll+0x78bcf9]
V  [jvm.dll+0x3ed10e]
V  [jvm.dll+0x3eed41]
C  [jli.dll+0x5297]
C  [ucrtbase.dll+0x29333]
C  [KERNEL32.DLL+0x1259d]
C  [ntdll.dll+0x5af78]


---------------  P R O C E S S  ---------------

Threads class SMR info:
_java_thread_list=0x00007fff9a3e7a18, length=0, elements={
}

Java Threads: ( => current thread )

Other Threads:
  0x0000028050dc9dd0 GCTaskThread "GC Thread#0" [stack: 0x000000d3f3b00000,0x000000d3f3c00000] [id=10124]
  0x0000028050ddadd0 ConcurrentGCThread "G1 Main Marker" [stack: 0x000000d3f3c00000,0x000000d3f3d00000] [id=18120]
  0x0000028050ddb7e0 ConcurrentGCThread "G1 Conc#0" [stack: 0x000000d3f3d00000,0x000000d3f3e00000] [id=10188]

[error occurred during error reporting (printing all threads), id 0xc0000005, EXCEPTION_ACCESS_VIOLATION (0xc0000005) at pc=0x00007fff99c19e67]

VM state: not at safepoint (not fully initialized)

VM Mutex/Monitor currently owned by a thread:  ([mutex/lock_event])
[0x0000028050d57ce0] Heap_lock - owner thread: 0x0000028050d5d8d0

Heap address: 0x0000000706e00000, size: 3986 MB, Compressed Oops mode: Zero based, Oop shift amount: 3

CDS archive(s) mapped at: [0x0000000000000000-0x0000000000000000-0x0000000000000000), size 0, SharedBaseAddress: 0x0000000800000000, ArchiveRelocationMode: 1.
Narrow klass base: 0x0000000000000000, Narrow klass shift: 0, Narrow klass range: 0x0

GC Precious Log:
<Empty>

Heap:
 garbage-first heap   total 0K, used 0K [0x0000000706e00000, 0x0000000800000000)
  region size 2048K, 0 young (0K), 0 survivors (0K)

[error occurred during error reporting (printing heap information), id 0xc0000005, EXCEPTION_ACCESS_VIOLATION (0xc0000005) at pc=0x00007fff9a003949]

GC Heap History (0 events):
No events

Deoptimization events (0 events):
No events

Classes unloaded (0 events):
No events

Classes redefined (0 events):
No events

Internal exceptions (0 events):
No events

VM Operations (0 events):
No events

Events (1 events):
Event: 0.028 Loaded shared library C:\Program Files\Java\jdk-17\bin\java.dll


Dynamic libraries:
0x00007ff6fac40000 - 0x00007ff6fac50000 	C:\Program Files\Java\jdk-17\bin\javaw.exe
0x00007ff832bf0000 - 0x00007ff832e08000 	C:\WINDOWS\SYSTEM32\ntdll.dll
0x00007ff830890000 - 0x00007ff830954000 	C:\WINDOWS\System32\KERNEL32.DLL
0x00007ff82fdc0000 - 0x00007ff830193000 	C:\WINDOWS\System32\KERNELBASE.dll
0x00007ff830500000 - 0x00007ff830611000 	C:\WINDOWS\System32\ucrtbase.dll
0x00007ffff7ed0000 - 0x00007ffff7eeb000 	C:\Program Files\Java\jdk-17\bin\VCRUNTIME140.dll
0x00007fffff230000 - 0x00007fffff249000 	C:\Program Files\Java\jdk-17\bin\jli.dll
0x00007ff8318a0000 - 0x00007ff831951000 	C:\WINDOWS\System32\ADVAPI32.dll
0x00007ff8324b0000 - 0x00007ff832557000 	C:\WINDOWS\System32\msvcrt.dll
0x00007ff8325f0000 - 0x00007ff832698000 	C:\WINDOWS\System32\sechost.dll
0x00007ff830620000 - 0x00007ff830648000 	C:\WINDOWS\System32\bcrypt.dll
0x00007ff8314e0000 - 0x00007ff8315f8000 	C:\WINDOWS\System32\RPCRT4.dll
0x00007ff831960000 - 0x00007ff831b12000 	C:\WINDOWS\System32\USER32.dll
0x00007ff830390000 - 0x00007ff8303b6000 	C:\WINDOWS\System32\win32u.dll
0x00007ff81b6a0000 - 0x00007ff81b93c000 	C:\WINDOWS\WinSxS\amd64_microsoft.windows.common-controls_6595b64144ccf1df_6.0.22621.6060_none_2712eda17382d24b\COMCTL32.dll
0x00007ff831b20000 - 0x00007ff831b49000 	C:\WINDOWS\System32\GDI32.dll
0x00007ff830650000 - 0x00007ff83076b000 	C:\WINDOWS\System32\gdi32full.dll
0x00007ff830770000 - 0x00007ff83080a000 	C:\WINDOWS\System32\msvcp_win.dll
0x00007ff815e20000 - 0x00007ff815e2a000 	C:\WINDOWS\SYSTEM32\VERSION.dll
0x00007ff832470000 - 0x00007ff8324a1000 	C:\WINDOWS\System32\IMM32.DLL
0x00007ff828d30000 - 0x00007ff828d3c000 	C:\Program Files\Java\jdk-17\bin\vcruntime140_1.dll
0x00007fffc1a30000 - 0x00007fffc1abe000 	C:\Program Files\Java\jdk-17\bin\msvcp140.dll
0x00007fff99930000 - 0x00007fff9a510000 	C:\Program Files\Java\jdk-17\bin\server\jvm.dll
0x00007ff832560000 - 0x00007ff832568000 	C:\WINDOWS\System32\PSAPI.DLL
0x00007ff82d140000 - 0x00007ff82d174000 	C:\WINDOWS\SYSTEM32\WINMM.dll
0x00007ff8106c0000 - 0x00007ff8106c9000 	C:\WINDOWS\SYSTEM32\WSOCK32.dll
0x00007ff832b20000 - 0x00007ff832b91000 	C:\WINDOWS\System32\WS2_32.dll
0x00007ff82ed30000 - 0x00007ff82ed48000 	C:\WINDOWS\SYSTEM32\kernel.appcore.dll
0x00007ff819c80000 - 0x00007ff819c8a000 	C:\Program Files\Java\jdk-17\bin\jimage.dll
0x00007ff82cef0000 - 0x00007ff82d123000 	C:\WINDOWS\SYSTEM32\DBGHELP.DLL
0x00007ff8320d0000 - 0x00007ff832461000 	C:\WINDOWS\System32\combase.dll
0x00007ff831bb0000 - 0x00007ff831c88000 	C:\WINDOWS\System32\OLEAUT32.dll
0x00007ff82d180000 - 0x00007ff82d1b2000 	C:\WINDOWS\SYSTEM32\dbgcore.DLL
0x00007ff830810000 - 0x00007ff83088b000 	C:\WINDOWS\System32\bcryptPrimitives.dll
0x00007ffff1a80000 - 0x00007ffff1aa5000 	C:\Program Files\Java\jdk-17\bin\java.dll

dbghelp: loaded successfully - version: 4.0.5 - missing functions: none
symbol engine: initialized successfully - sym options: 0x614 - pdb path: .;C:\Program Files\Java\jdk-17\bin;C:\WINDOWS\SYSTEM32;C:\WINDOWS\WinSxS\amd64_microsoft.windows.common-controls_6595b64144ccf1df_6.0.22621.6060_none_2712eda17382d24b;C:\Program Files\Java\jdk-17\bin\server

VM Arguments:
jvm_args: -Dfile.encoding=UTF-8 -Dstdout.encoding=UTF-8 -Dstderr.encoding=UTF-8 -XX:+ShowCodeDetailsInExceptionMessages 
java_command: com.springboot.Application
java_class_path (initial): D:\desktop\CodingThinker\SpringBoot-330pm\19_springboot_mail\19_springboot_mail\target\classes;C:\Users\GAURAV KOTHARI\.m2\repository\org\springframework\boot\spring-boot-starter-data-jpa\3.5.10\spring-boot-starter-data-jpa-3.5.10.jar;C:\Users\GAURAV KOTHARI\.m2\repository\org\springframework\boot\spring-boot-starter\3.5.10\spring-boot-starter-3.5.10.jar;C:\Users\GAURAV KOTHARI\.m2\repository\org\springframework\boot\spring-boot\3.5.10\spring-boot-3.5.10.jar;C:\Users\GAURAV KOTHARI\.m2\repository\org\springframework\boot\spring-boot-autoconfigure\3.5.10\spring-boot-autoconfigure-3.5.10.jar;C:\Users\GAURAV KOTHARI\.m2\repository\org\springframework\boot\spring-boot-starter-logging\3.5.10\spring-boot-starter-logging-3.5.10.jar;C:\Users\GAURAV KOTHARI\.m2\repository\ch\qos\logback\logback-classic\1.5.25\logback-classic-1.5.25.jar;C:\Users\GAURAV KOTHARI\.m2\repository\ch\qos\logback\logback-core\1.5.25\logback-core-1.5.25.jar;C:\Users\GAURAV KOTHARI\.m2\repository\org\apache\logging\log4j\log4j-to-slf4j\2.24.3\log4j-to-slf4j-2.24.3.jar;C:\Users\GAURAV KOTHARI\.m2\repository\org\apache\logging\log4j\log4j-api\2.24.3\log4j-api-2.24.3.jar;C:\Users\GAURAV KOTHARI\.m2\repository\org\slf4j\jul-to-slf4j\2.0.17\jul-to-slf4j-2.0.17.jar;C:\Users\GAURAV KOTHARI\.m2\repository\jakarta\annotation\jakarta.annotation-api\2.1.1\jakarta.annotation-api-2.1.1.jar;C:\Users\GAURAV KOTHARI\.m2\repository\org\yaml\snakeyaml\2.4\snakeyaml-2.4.jar;C:\Users\GAURAV KOTHARI\.m2\repository\org\springframework\boot\spring-boot-starter-jdbc\3.5.10\spring-boot-starter-jdbc-3.5.10.jar;C:\Users\GAURAV KOTHARI\.m2\repository\com\zaxxer\HikariCP\6.3.3\HikariCP-6.3.3.jar;C:\Users\GAURAV KOTHARI\.m2\repository\org\springframework\spring-jdbc\6.2.15\spring-jdbc-6.2.15.jar;C:\Users\GAURAV KOTHARI\.m2\repository\org\hibernate\orm\hibernate-core\6.6.41.Final\hibernate-core-6.6.41.Final.jar;C:\Users\GAURAV KOTHARI\.m2\repository\jakarta\persistence\jakarta.persistence-api\3.1.0\jaka
Launcher Type: SUN_STANDARD

[Global flags]
     intx CICompilerCount                          = 4                                         {product} {ergonomic}
     uint ConcGCThreads                            = 3                                         {product} {ergonomic}
     uint G1ConcRefinementThreads                  = 10                                        {product} {ergonomic}
   size_t G1HeapRegionSize                         = 2097152                                   {product} {ergonomic}
    uintx GCDrainStackTargetSize                   = 64                                        {product} {ergonomic}
   size_t InitialHeapSize                          = 262144000                                 {product} {ergonomic}
   size_t MarkStackSize                            = 4194304                                   {product} {ergonomic}
   size_t MaxHeapSize                              = 4179623936                                {product} {ergonomic}
   size_t MinHeapDeltaBytes                        = 2097152                                   {product} {ergonomic}
   size_t MinHeapSize                              = 8388608                                   {product} {ergonomic}
    uintx NonNMethodCodeHeapSize                   = 5839372                                {pd product} {ergonomic}
    uintx NonProfiledCodeHeapSize                  = 122909434                              {pd product} {ergonomic}
    uintx ProfiledCodeHeapSize                     = 122909434                              {pd product} {ergonomic}
    uintx ReservedCodeCacheSize                    = 251658240                              {pd product} {ergonomic}
     bool SegmentedCodeCache                       = true                                      {product} {ergonomic}
     bool ShowCodeDetailsInExceptionMessages       = true                                   {manageable} {command line}
   size_t SoftMaxHeapSize                          = 4179623936                             {manageable} {ergonomic}
     bool UseCompressedClassPointers               = true                           {product lp64_product} {ergonomic}
     bool UseCompressedOops                        = true                           {product lp64_product} {ergonomic}
     bool UseG1GC                                  = true                                      {product} {ergonomic}
     bool UseLargePagesIndividualAllocation        = false                                  {pd product} {ergonomic}

Logging:
Log output configuration:
 #0: stdout all=warning uptime,level,tags
 #1: stderr all=off uptime,level,tags

Environment Variables:
JAVA_HOME=C:\Program Files\Java\jdk-11
PATH=E:/eclipse-jee-2024-12-R-win32-x86_64/eclipse//plugins/org.eclipse.justj.openjdk.hotspot.jre.full.win32.x86_64_21.0.5.v20241023-1957/jre/bin/server;E:/eclipse-jee-2024-12-R-win32-x86_64/eclipse//plugins/org.eclipse.justj.openjdk.hotspot.jre.full.win32.x86_64_21.0.5.v20241023-1957/jre/bin;C:\Program Files\Common Files\Oracle\Java\javapath;C:\WINDOWS\system32;C:\WINDOWS;C:\WINDOWS\System32\Wbem;C:\WINDOWS\System32\WindowsPowerShell\v1.0\;C:\WINDOWS\System32\OpenSSH\;C:\Program Files\nodejs;C:\MinGW\bin;C:\Program Files\PuTTY\;C:\spark\spark-3.5.2-bin-hadoop3\bin;C:\hadoop\bin;C:\Program Files\Java\jdk-11\bin;C:\Program Files\nodejs\;C:\MinGW\bin;C:\Program Files\Java\jdk-17\bin;D:\Git\cmd;C:\spark\spark-3.5.2-bin-hadoop3\bin;C:\hadoop\bin;C:\Program Files\Java\jdk-11\bin;C:\Users\GAURAV KOTHARI\AppData\Local\Programs\Microsoft VS Code\bin;C:\MinGW\bin;C:\Program Files (x86)\Java\jdk1.8.0_05\bin;C:\Users\GAURAV KOTHARI\AppData\Roaming\npm;C:\Program Files\nodejs;C:\MinGW\bin;C:\Program Files\Java\jdk-17\bin;;E:\eclipse-jee-2024-12-R-win32-x86_64\eclipse;
USERNAME=GAURAV KOTHARI
OS=Windows_NT
PROCESSOR_IDENTIFIER=Intel64 Family 6 Model 154 Stepping 4, GenuineIntel



---------------  S Y S T E M  ---------------

OS:
 Windows 11 , 64 bit Build 22621 (10.0.22621.5415)
OS uptime: 18 days 0:36 hours
Hyper-V role detected

CPU: total 12 (initial active 12) (6 cores per cpu, 2 threads per core) family 6 model 154 stepping 4 microcode 0x437, cx8, cmov, fxsr, ht, mmx, 3dnowpref, sse, sse2, sse3, ssse3, sse4.1, sse4.2, popcnt, lzcnt, tsc, tscinvbit, avx, avx2, aes, erms, clmul, bmi1, bmi2, adx, sha, fma, vzeroupper, clflush, clflushopt, clwb, hv

Memory: 4k page, system-wide physical 15942M (5505M free)
TotalPageFile size 18091M (AvailPageFile size 103M)
current process WorkingSet (physical memory assigned to process): 11M, peak: 11M
current process commit charge ("private bytes"): 64M, peak: 314M

vm_info: Java HotSpot(TM) 64-Bit Server VM (17.0.17+8-LTS-360) for windows-amd64 JRE (17.0.17+8-LTS-360), built on Sep 27 2025 05:17:01 by "mach5run" with MS VC++ 17.6 (VS2022)

END.
